*** EVALUATION ***
PROGRAM "C:\Users\jashebes\Desktop\362Final-master\FinalProject_Work\bin\Project.abs"

*********************************************************************************************
TARGET SECTION
---------------------------------------------------------------------------------------------
Processor   : Freescale HC12
Memory Model: SMALL
File Format : ELF\DWARF 2.0
Linker      : SmartLinker V-5.0.40 Build 10203, Jul 23 2010

*********************************************************************************************
FILE SECTION
---------------------------------------------------------------------------------------------
main.asm.o                              Model: SMALL,         Lang: Assembler
lcddisp.c.o                             Model: SMALL,         Lang: ANSI-C
mc9s12e128.c.o                          Model: SMALL,         Lang: ANSI-C
potentiometer.c.o                       Model: SMALL,         Lang: ANSI-C
SendsChr.c.o                            Model: SMALL,         Lang: ANSI-C
fertilize.asm.o                         Model: SMALL,         Lang: Assembler
newcrop.asm.o                           Model: SMALL,         Lang: Assembler
drawscreen.asm.o                        Model: SMALL,         Lang: Assembler
growth.asm.o                            Model: SMALL,         Lang: Assembler
pushb.asm.o                             Model: SMALL,         Lang: Assembler
harvesting.asm.o                        Model: SMALL,         Lang: Assembler
flowctrl.asm.o                          Model: SMALL,         Lang: Assembler
statsmen.asm.o                          Model: SMALL,         Lang: Assembler
pestdetect.asm.o                        Model: SMALL,         Lang: Assembler
speaker.asm.o                           Model: SMALL,         Lang: Assembler

*********************************************************************************************
STARTUP SECTION
---------------------------------------------------------------------------------------------
Entry point: 0xC000 (_Startup)

*********************************************************************************************
SECTION-ALLOCATION SECTION
Section Name                    Size  Type     From       To       Segment
---------------------------------------------------------------------------------------------
.init                           1635     R     0xC000     0xC662   ROM_C000
.text                            301     R     0xC663     0xC78F   ROM_C000
.stack                           256   R/W      0x400      0x4FF   RAM
.abs_section_8                     1   N/I        0x8        0x8   .absSeg0
.abs_section_9                     1   N/I        0x9        0x9   .absSeg1
.abs_section_a                     1   N/I        0xA        0xA   .absSeg2
.abs_section_b                     1   N/I        0xB        0xB   .absSeg3
.abs_section_c                     1   N/I        0xC        0xC   .absSeg4
.abs_section_d                     1   N/I        0xD        0xD   .absSeg5
.abs_section_e                     1   N/I        0xE        0xE   .absSeg6
.abs_section_10                    1   N/I       0x10       0x10   .absSeg7
.abs_section_11                    1   N/I       0x11       0x11   .absSeg8
.abs_section_13                    1   N/I       0x13       0x13   .absSeg9
.abs_section_15                    1   N/I       0x15       0x15   .absSeg10
.abs_section_16                    1   N/I       0x16       0x16   .absSeg11
.abs_section_19                    1   N/I       0x19       0x19   .absSeg12
.abs_section_1c                    1   N/I       0x1C       0x1C   .absSeg13
.abs_section_1d                    1   N/I       0x1D       0x1D   .absSeg14
.abs_section_1e                    1   N/I       0x1E       0x1E   .absSeg15
.abs_section_1f                    1   N/I       0x1F       0x1F   .absSeg16
.abs_section_20                    1   N/I       0x20       0x20   .absSeg17
.abs_section_21                    1   N/I       0x21       0x21   .absSeg18
.abs_section_24                    1   N/I       0x24       0x24   .absSeg19
.abs_section_25                    1   N/I       0x25       0x25   .absSeg20
.abs_section_28                    1   N/I       0x28       0x28   .absSeg21
.abs_section_29                    1   N/I       0x29       0x29   .absSeg22
.abs_section_2a                    1   N/I       0x2A       0x2A   .absSeg23
.abs_section_2d                    1   N/I       0x2D       0x2D   .absSeg24
.abs_section_30                    1   N/I       0x30       0x30   .absSeg25
.abs_section_32                    1   N/I       0x32       0x32   .absSeg26
.abs_section_33                    1   N/I       0x33       0x33   .absSeg27
.abs_section_34                    1   N/I       0x34       0x34   .absSeg28
.abs_section_35                    1   N/I       0x35       0x35   .absSeg29
.abs_section_37                    1   N/I       0x37       0x37   .absSeg30
.abs_section_38                    1   N/I       0x38       0x38   .absSeg31
.abs_section_39                    1   N/I       0x39       0x39   .absSeg32
.abs_section_3a                    1   N/I       0x3A       0x3A   .absSeg33
.abs_section_3b                    1   N/I       0x3B       0x3B   .absSeg34
.abs_section_3c                    1   N/I       0x3C       0x3C   .absSeg35
.abs_section_3f                    1   N/I       0x3F       0x3F   .absSeg36
.abs_section_40                    1   N/I       0x40       0x40   .absSeg37
.abs_section_41                    1   N/I       0x41       0x41   .absSeg38
.abs_section_42                    1   N/I       0x42       0x42   .absSeg39
.abs_section_43                    1   N/I       0x43       0x43   .absSeg40
.abs_section_46                    1   N/I       0x46       0x46   .absSeg41
.abs_section_47                    1   N/I       0x47       0x47   .absSeg42
.abs_section_48                    1   N/I       0x48       0x48   .absSeg43
.abs_section_4a                    1   N/I       0x4A       0x4A   .absSeg44
.abs_section_4c                    1   N/I       0x4C       0x4C   .absSeg45
.abs_section_4d                    1   N/I       0x4D       0x4D   .absSeg46
.abs_section_4e                    1   N/I       0x4E       0x4E   .absSeg47
.abs_section_4f                    1   N/I       0x4F       0x4F   .absSeg48
.abs_section_60                    1   N/I       0x60       0x60   .absSeg49
.abs_section_61                    1   N/I       0x61       0x61   .absSeg50
.abs_section_86                    1   N/I       0x86       0x86   .absSeg51
.abs_section_89                    1   N/I       0x89       0x89   .absSeg52
.abs_section_8a                    1   N/I       0x8A       0x8A   .absSeg53
.abs_section_8b                    1   N/I       0x8B       0x8B   .absSeg54
.abs_section_8e                    1   N/I       0x8E       0x8E   .absSeg55
.abs_section_8f                    1   N/I       0x8F       0x8F   .absSeg56
.abs_section_ca                    1   N/I       0xCA       0xCA   .absSeg57
.abs_section_cb                    1   N/I       0xCB       0xCB   .absSeg58
.abs_section_cc                    1   N/I       0xCC       0xCC   .absSeg59
.abs_section_cd                    1   N/I       0xCD       0xCD   .absSeg60
.abs_section_ce                    1   N/I       0xCE       0xCE   .absSeg61
.abs_section_cf                    1   N/I       0xCF       0xCF   .absSeg62
.abs_section_d2                    1   N/I       0xD2       0xD2   .absSeg63
.abs_section_d3                    1   N/I       0xD3       0xD3   .absSeg64
.abs_section_d4                    1   N/I       0xD4       0xD4   .absSeg65
.abs_section_d5                    1   N/I       0xD5       0xD5   .absSeg66
.abs_section_d6                    1   N/I       0xD6       0xD6   .absSeg67
.abs_section_d7                    1   N/I       0xD7       0xD7   .absSeg68
.abs_section_d8                    1   N/I       0xD8       0xD8   .absSeg69
.abs_section_d9                    1   N/I       0xD9       0xD9   .absSeg70
.abs_section_da                    1   N/I       0xDA       0xDA   .absSeg71
.abs_section_db                    1   N/I       0xDB       0xDB   .absSeg72
.abs_section_dd                    1   N/I       0xDD       0xDD   .absSeg73
.abs_section_e0                    1   N/I       0xE0       0xE0   .absSeg74
.abs_section_e1                    1   N/I       0xE1       0xE1   .absSeg75
.abs_section_e2                    1   N/I       0xE2       0xE2   .absSeg76
.abs_section_e3                    1   N/I       0xE3       0xE3   .absSeg77
.abs_section_e4                    1   N/I       0xE4       0xE4   .absSeg78
.abs_section_ea                    1   N/I       0xEA       0xEA   .absSeg79
.abs_section_eb                    1   N/I       0xEB       0xEB   .absSeg80
.abs_section_ec                    1   N/I       0xEC       0xEC   .absSeg81
.abs_section_ed                    1   N/I       0xED       0xED   .absSeg82
.abs_section_ee                    1   N/I       0xEE       0xEE   .absSeg83
.abs_section_ef                    1   N/I       0xEF       0xEF   .absSeg84
.abs_section_f0                    1   N/I       0xF0       0xF0   .absSeg85
.abs_section_f2                    1   N/I       0xF2       0xF2   .absSeg86
.abs_section_f3                    1   N/I       0xF3       0xF3   .absSeg87
.abs_section_f4                    1   N/I       0xF4       0xF4   .absSeg88
.abs_section_f6                    1   N/I       0xF6       0xF6   .absSeg89
.abs_section_f7                    1   N/I       0xF7       0xF7   .absSeg90
.abs_section_100                   1   N/I      0x100      0x100   .absSeg91
.abs_section_101                   1   N/I      0x101      0x101   .absSeg92
.abs_section_103                   1   N/I      0x103      0x103   .absSeg93
.abs_section_104                   1   N/I      0x104      0x104   .absSeg94
.abs_section_105                   1   N/I      0x105      0x105   .absSeg95
.abs_section_106                   1   N/I      0x106      0x106   .absSeg96
.abs_section_140                   1   N/I      0x140      0x140   .absSeg97
.abs_section_141                   1   N/I      0x141      0x141   .absSeg98
.abs_section_142                   1   N/I      0x142      0x142   .absSeg99
.abs_section_143                   1   N/I      0x143      0x143   .absSeg100
.abs_section_146                   1   N/I      0x146      0x146   .absSeg101
.abs_section_147                   1   N/I      0x147      0x147   .absSeg102
.abs_section_148                   1   N/I      0x148      0x148   .absSeg103
.abs_section_14a                   1   N/I      0x14A      0x14A   .absSeg104
.abs_section_14c                   1   N/I      0x14C      0x14C   .absSeg105
.abs_section_14d                   1   N/I      0x14D      0x14D   .absSeg106
.abs_section_14e                   1   N/I      0x14E      0x14E   .absSeg107
.abs_section_14f                   1   N/I      0x14F      0x14F   .absSeg108
.abs_section_160                   1   N/I      0x160      0x160   .absSeg109
.abs_section_161                   1   N/I      0x161      0x161   .absSeg110
.abs_section_180                   1   N/I      0x180      0x180   .absSeg111
.abs_section_181                   1   N/I      0x181      0x181   .absSeg112
.abs_section_182                   1   N/I      0x182      0x182   .absSeg113
.abs_section_183                   1   N/I      0x183      0x183   .absSeg114
.abs_section_186                   1   N/I      0x186      0x186   .absSeg115
.abs_section_187                   1   N/I      0x187      0x187   .absSeg116
.abs_section_188                   1   N/I      0x188      0x188   .absSeg117
.abs_section_18a                   1   N/I      0x18A      0x18A   .absSeg118
.abs_section_18c                   1   N/I      0x18C      0x18C   .absSeg119
.abs_section_18d                   1   N/I      0x18D      0x18D   .absSeg120
.abs_section_18e                   1   N/I      0x18E      0x18E   .absSeg121
.abs_section_18f                   1   N/I      0x18F      0x18F   .absSeg122
.abs_section_1a0                   1   N/I      0x1A0      0x1A0   .absSeg123
.abs_section_1a1                   1   N/I      0x1A1      0x1A1   .absSeg124
.abs_section_1e0                   1   N/I      0x1E0      0x1E0   .absSeg125
.abs_section_1e1                   1   N/I      0x1E1      0x1E1   .absSeg126
.abs_section_1e2                   1   N/I      0x1E2      0x1E2   .absSeg127
.abs_section_1e3                   1   N/I      0x1E3      0x1E3   .absSeg128
.abs_section_1e4                   1   N/I      0x1E4      0x1E4   .absSeg129
.abs_section_1e5                   1   N/I      0x1E5      0x1E5   .absSeg130
.abs_section_1e8                   1   N/I      0x1E8      0x1E8   .absSeg131
.abs_section_1e9                   1   N/I      0x1E9      0x1E9   .absSeg132
.abs_section_1fe                   1   N/I      0x1FE      0x1FE   .absSeg133
.abs_section_200                   1   N/I      0x200      0x200   .absSeg134
.abs_section_201                   1   N/I      0x201      0x201   .absSeg135
.abs_section_202                   1   N/I      0x202      0x202   .absSeg136
.abs_section_203                   1   N/I      0x203      0x203   .absSeg137
.abs_section_204                   1   N/I      0x204      0x204   .absSeg138
.abs_section_205                   1   N/I      0x205      0x205   .absSeg139
.abs_section_206                   1   N/I      0x206      0x206   .absSeg140
.abs_section_207                   1   N/I      0x207      0x207   .absSeg141
.abs_section_208                   1   N/I      0x208      0x208   .absSeg142
.abs_section_209                   1   N/I      0x209      0x209   .absSeg143
.abs_section_20a                   1   N/I      0x20A      0x20A   .absSeg144
.abs_section_20c                   1   N/I      0x20C      0x20C   .absSeg145
.abs_section_20d                   1   N/I      0x20D      0x20D   .absSeg146
.abs_section_20e                   1   N/I      0x20E      0x20E   .absSeg147
.abs_section_20f                   1   N/I      0x20F      0x20F   .absSeg148
.abs_section_220                   1   N/I      0x220      0x220   .absSeg149
.abs_section_221                   1   N/I      0x221      0x221   .absSeg150
.abs_section_228                   1   N/I      0x228      0x228   .absSeg151
.abs_section_229                   1   N/I      0x229      0x229   .absSeg152
.abs_section_230                   1   N/I      0x230      0x230   .absSeg153
.abs_section_231                   1   N/I      0x231      0x231   .absSeg154
.abs_section_240                   1   N/I      0x240      0x240   .absSeg155
.abs_section_241                   1   N/I      0x241      0x241   .absSeg156
.abs_section_242                   1   N/I      0x242      0x242   .absSeg157
.abs_section_243                   1   N/I      0x243      0x243   .absSeg158
.abs_section_244                   1   N/I      0x244      0x244   .absSeg159
.abs_section_245                   1   N/I      0x245      0x245   .absSeg160
.abs_section_248                   1   N/I      0x248      0x248   .absSeg161
.abs_section_249                   1   N/I      0x249      0x249   .absSeg162
.abs_section_24a                   1   N/I      0x24A      0x24A   .absSeg163
.abs_section_24b                   1   N/I      0x24B      0x24B   .absSeg164
.abs_section_24c                   1   N/I      0x24C      0x24C   .absSeg165
.abs_section_24d                   1   N/I      0x24D      0x24D   .absSeg166
.abs_section_24e                   1   N/I      0x24E      0x24E   .absSeg167
.abs_section_250                   1   N/I      0x250      0x250   .absSeg168
.abs_section_251                   1   N/I      0x251      0x251   .absSeg169
.abs_section_252                   1   N/I      0x252      0x252   .absSeg170
.abs_section_253                   1   N/I      0x253      0x253   .absSeg171
.abs_section_254                   1   N/I      0x254      0x254   .absSeg172
.abs_section_255                   1   N/I      0x255      0x255   .absSeg173
.abs_section_256                   1   N/I      0x256      0x256   .absSeg174
.abs_section_258                   1   N/I      0x258      0x258   .absSeg175
.abs_section_259                   1   N/I      0x259      0x259   .absSeg176
.abs_section_25a                   1   N/I      0x25A      0x25A   .absSeg177
.abs_section_25b                   1   N/I      0x25B      0x25B   .absSeg178
.abs_section_25c                   1   N/I      0x25C      0x25C   .absSeg179
.abs_section_25d                   1   N/I      0x25D      0x25D   .absSeg180
.abs_section_260                   1   N/I      0x260      0x260   .absSeg181
.abs_section_261                   1   N/I      0x261      0x261   .absSeg182
.abs_section_262                   1   N/I      0x262      0x262   .absSeg183
.abs_section_263                   1   N/I      0x263      0x263   .absSeg184
.abs_section_264                   1   N/I      0x264      0x264   .absSeg185
.abs_section_265                   1   N/I      0x265      0x265   .absSeg186
.abs_section_268                   1   N/I      0x268      0x268   .absSeg187
.abs_section_269                   1   N/I      0x269      0x269   .absSeg188
.abs_section_26a                   1   N/I      0x26A      0x26A   .absSeg189
.abs_section_26b                   1   N/I      0x26B      0x26B   .absSeg190
.abs_section_26c                   1   N/I      0x26C      0x26C   .absSeg191
.abs_section_26d                   1   N/I      0x26D      0x26D   .absSeg192
.abs_section_26e                   1   N/I      0x26E      0x26E   .absSeg193
.abs_section_0                     2   N/I        0x0        0x1   .absSeg194
.abs_section_2                     2   N/I        0x2        0x3   .absSeg195
.abs_section_1a                    2   N/I       0x1A       0x1B   .absSeg196
.abs_section_22                    2   N/I       0x22       0x23   .absSeg197
.abs_section_26                    2   N/I       0x26       0x27   .absSeg198
.abs_section_2b                    2   N/I       0x2B       0x2C   .absSeg199
.abs_section_2e                    2   N/I       0x2E       0x2F   .absSeg200
.abs_section_44                    2   N/I       0x44       0x45   .absSeg201
.abs_section_58                    2   N/I       0x58       0x59   .absSeg202
.abs_section_5a                    2   N/I       0x5A       0x5B   .absSeg203
.abs_section_5c                    2   N/I       0x5C       0x5D   .absSeg204
.abs_section_5e                    2   N/I       0x5E       0x5F   .absSeg205
.abs_section_62                    2   N/I       0x62       0x63   .absSeg206
.abs_section_82                    2   N/I       0x82       0x83   .absSeg207
.abs_section_84                    2   N/I       0x84       0x85   .absSeg208
.abs_section_8c                    2   N/I       0x8C       0x8D   .absSeg209
.abs_section_90                    2   N/I       0x90       0x91   .absSeg210
.abs_section_92                    2   N/I       0x92       0x93   .absSeg211
.abs_section_94                    2   N/I       0x94       0x95   .absSeg212
.abs_section_96                    2   N/I       0x96       0x97   .absSeg213
.abs_section_98                    2   N/I       0x98       0x99   .absSeg214
.abs_section_9a                    2   N/I       0x9A       0x9B   .absSeg215
.abs_section_9c                    2   N/I       0x9C       0x9D   .absSeg216
.abs_section_9e                    2   N/I       0x9E       0x9F   .absSeg217
.abs_section_a0                    2   N/I       0xA0       0xA1   .absSeg218
.abs_section_a2                    2   N/I       0xA2       0xA3   .absSeg219
.abs_section_a4                    2   N/I       0xA4       0xA5   .absSeg220
.abs_section_a6                    2   N/I       0xA6       0xA7   .absSeg221
.abs_section_a8                    2   N/I       0xA8       0xA9   .absSeg222
.abs_section_aa                    2   N/I       0xAA       0xAB   .absSeg223
.abs_section_ac                    2   N/I       0xAC       0xAD   .absSeg224
.abs_section_ae                    2   N/I       0xAE       0xAF   .absSeg225
.abs_section_c8                    2   N/I       0xC8       0xC9   .absSeg226
.abs_section_d0                    2   N/I       0xD0       0xD1   .absSeg227
.abs_section_e8                    2   N/I       0xE8       0xE9   .absSeg228
.abs_section_144                   2   N/I      0x144      0x145   .absSeg229
.abs_section_158                   2   N/I      0x158      0x159   .absSeg230
.abs_section_15a                   2   N/I      0x15A      0x15B   .absSeg231
.abs_section_15c                   2   N/I      0x15C      0x15D   .absSeg232
.abs_section_15e                   2   N/I      0x15E      0x15F   .absSeg233
.abs_section_162                   2   N/I      0x162      0x163   .absSeg234
.abs_section_184                   2   N/I      0x184      0x185   .absSeg235
.abs_section_198                   2   N/I      0x198      0x199   .absSeg236
.abs_section_19a                   2   N/I      0x19A      0x19B   .absSeg237
.abs_section_19c                   2   N/I      0x19C      0x19D   .absSeg238
.abs_section_19e                   2   N/I      0x19E      0x19F   .absSeg239
.abs_section_1a2                   2   N/I      0x1A2      0x1A3   .absSeg240
.abs_section_1ec                   2   N/I      0x1EC      0x1ED   .absSeg241
.abs_section_1ee                   2   N/I      0x1EE      0x1EF   .absSeg242
.abs_section_1f0                   2   N/I      0x1F0      0x1F1   .absSeg243
.abs_section_1f2                   2   N/I      0x1F2      0x1F3   .absSeg244
.abs_section_1f4                   2   N/I      0x1F4      0x1F5   .absSeg245
.abs_section_1f6                   2   N/I      0x1F6      0x1F7   .absSeg246
.abs_section_1f8                   2   N/I      0x1F8      0x1F9   .absSeg247
.abs_section_1fa                   2   N/I      0x1FA      0x1FB   .absSeg248
.abs_section_1fc                   2   N/I      0x1FC      0x1FD   .absSeg249
.abs_section_210                   2   N/I      0x210      0x211   .absSeg250
.abs_section_212                   2   N/I      0x212      0x213   .absSeg251
.abs_section_214                   2   N/I      0x214      0x215   .absSeg252
.abs_section_216                   2   N/I      0x216      0x217   .absSeg253
.abs_section_218                   2   N/I      0x218      0x219   .absSeg254
.abs_section_21a                   2   N/I      0x21A      0x21B   .absSeg255
.abs_section_222                   2   N/I      0x222      0x223   .absSeg256
.abs_section_224                   2   N/I      0x224      0x225   .absSeg257
.abs_section_226                   2   N/I      0x226      0x227   .absSeg258
.abs_section_22a                   2   N/I      0x22A      0x22B   .absSeg259
.abs_section_22c                   2   N/I      0x22C      0x22D   .absSeg260
.abs_section_22e                   2   N/I      0x22E      0x22F   .absSeg261
.abs_section_232                   2   N/I      0x232      0x233   .absSeg262
.abs_section_234                   2   N/I      0x234      0x235   .absSeg263
.abs_section_236                   2   N/I      0x236      0x237   .absSeg264
.abs_section_270                   2   N/I      0x270      0x271   .absSeg265
.abs_section_272                   2   N/I      0x272      0x273   .absSeg266
.abs_section_274                   2   N/I      0x274      0x275   .absSeg267
.abs_section_276                   2   N/I      0x276      0x277   .absSeg268
.abs_section_278                   2   N/I      0x278      0x279   .absSeg269
.abs_section_27a                   2   N/I      0x27A      0x27B   .absSeg270
.abs_section_27c                   2   N/I      0x27C      0x27D   .absSeg271
.abs_section_27e                   2   N/I      0x27E      0x27F   .absSeg272
.bss                               6   R/W      0x500      0x505   RAM
my_constants                    1109     R     0xC790     0xCBE4   ROM_C000
my_variable                      200   R/W      0x506      0x5CD   RAM
.common                            2   R/W      0x5CE      0x5CF   RAM
fertilize.asm._SEC000000         135     R     0xCBE5     0xCC6B   ROM_C000
newcrop.asm._SEC000000           348     R     0xCC6C     0xCDC7   ROM_C000
drawscreen.asm._SEC000000         40     R     0xCDC8     0xCDEF   ROM_C000
growth.asm._SEC000000            562     R     0xCDF0     0xD021   ROM_C000
pushb.asm._SEC000000              97     R     0xD022     0xD082   ROM_C000
harvesting.asm._SEC000000        112     R     0xD083     0xD0F2   ROM_C000
flowctrl.asm._SEC000000          506     R     0xD0F3     0xD2EC   ROM_C000
statsmen.asm._SEC000000           98     R     0xD2ED     0xD34E   ROM_C000
pestdetect.asm._SEC000000        199     R     0xD34F     0xD415   ROM_C000
speaker.asm._SEC000000            66     R     0xD416     0xD457   ROM_C000
.vectSeg273_vect                   4     R     0xFFF0     0xFFF3   .vectSeg273
.vectSeg274_vect                   2     R     0xFFFE     0xFFFF   .vectSeg274

Summary of section sizes per section type:
READ_ONLY (R):        145E (dec:     5214)
READ_WRITE (R/W):      1D0 (dec:      464)
NO_INIT (N/I):         160 (dec:      352)

*********************************************************************************************
VECTOR-ALLOCATION SECTION
    Address     InitValue   InitFunction
---------------------------------------------------------------------------------------------
     0xFFF0        0xC4CA   RTI_ISR
     0xFFF2        0xC65D   IRQ_ISR
     0xFFFE        0xC000   _Startup

*********************************************************************************************
OBJECT-ALLOCATION SECTION
     Name               Module                 Addr   hSize   dSize     Ref    Section   RLIB
---------------------------------------------------------------------------------------------
MODULE:                 -- main.asm.o --
- PROCEDURES:
     Entry                                     C000     3FC    1020       0   .init       
     _Startup                                  C000       0       0       0   .init       
     nextpat                                   C3FC       5       5       0   .init       
     setup                                     C401      1C      28       0   .init       
     start                                     C41D       F      15       1   .init       
     b1                                        C42C       7       7       0   .init       
     b2                                        C433       7       7       0   .init       
     nxt                                       C43A       8       8       0   .init       
     rst                                       C442       0       0       0   .init       
     Keyboard                                  C442      12      18       5   .init       
     scan                                      C454       A      10       0   .init       
     scanSW                                    C45E       9       9       0   .init       
     hold1                                     C467       5       5       0   .init       
     hold2                                     C46C      15      21       0   .init       
     PB                                        C481       5       5       0   .init       
     SW                                        C486       A      10       0   .init       
     PST                                       C490       5       5       0   .init       
     swcheck                                   C495       9       9       0   .init       
     exitSW                                    C49E       1       1       0   .init       
     Search                                    C49F       5       5       1   .init       
     top                                       C4A4       7       7       0   .init       
     match                                     C4AB       1       1       0   .init       
     hold11                                    C4AC       5       5       0   .init       
     hold21                                    C4B1      14      20       0   .init       
     loop                                      C4C5       5       5       0   .init       
     RTI_ISR                                   C4CA      13      19       0   .init       
     Nomusic                                   C4DD       E      14       0   .init       
     setupdone                                 C4EB      12      18       0   .init       
     DCtst                                     C4FD       A      10       0   .init       
     timing                                    C507       7       7       0   .init       
     postDelay                                 C50E      27      39       0   .init       
     endrti                                    C535       6       6       0   .init       
     drawscreenDL                              C53B       9       9       0   .init       
     DCmtr                                     C544       A      10       1   .init       
     pstDC                                     C54E      1B      27       0   .init       
     s1                                        C569       5       5       0   .init       
     s2                                        C56E       5       5       0   .init       
     STPmtr                                    C573       D      13       1   .init       
     harvester                                 C580      28      40       0   .init       
     rstcnt1                                   C5A8       6       6       0   .init       
     seeder                                    C5AE      2A      42       0   .init       
     rstcnt2                                   C5D8       6       6       0   .init       
     chisel                                    C5DE      27      39       0   .init       
     rstcnt3                                   C605       6       6       0   .init       
     endSTP                                    C60B       1       1       0   .init       
     dcLED                                     C60C       E      14       1   .init       
     Pattern                                   C61A      1C      28       0   .init       
     wtr1                                      C636       9       9       0   .init       
     fert0                                     C63F      15      21       0   .init       
     fert1                                     C654       9       9       0   .init       
     IRQ_ISR                                   C65D       6       6       0   .init       
- VARIABLES:
     PestDC                                     506       1       1       0   my_variable 
     disp                                       507      21      33     110   my_variable 
     menuNum                                    528       1       1       5   my_variable 
     gamestate                                  529       1       1      14   my_variable 
     timer                                      52A       2       2       6   my_variable 
     seconds                                    52C       2       2       7   my_variable 
     Counter                                    52E       1       1       4   my_variable 
     tON                                        52F       1       1       6   my_variable 
     rtiCtrl                                    530       1       1      29   my_variable 
     drawDL                                     531       2       2      24   my_variable 
     fertDC                                     533       1       1       9   my_variable 
     wtrDC                                      534       1       1      10   my_variable 
     STPcnt                                     535       1       1      11   my_variable 
     SWstatus                                   536       1       1       6   my_variable 
     wtrctrldisp                                537      21      33      72   my_variable 
     fertctrldisp                               558      21      33      55   my_variable 
     pestdisp                                   579      21      33      42   my_variable 
     exitflg                                    59A       1       1       4   my_variable 
     cropstats                                  59B       1       1      16   my_variable 
     temp                                       59C       1       1       0   my_variable 
     keyflg                                     59D       1       1       7   my_variable 
     gametime                                   59E       2       2       4   my_variable 
     lastscreen                                 5A0       2       2       6   my_variable 
     scoredisp                                  5A2      21      33      41   my_variable 
     harvests                                   5C3       1       1       3   my_variable 
     pests                                      5C4       1       1       3   my_variable 
     fertwtr                                    5C5       1       1       4   my_variable 
     pestctrl                                   5C6       1       1       1   my_variable 
     pstdtct                                    5C7       1       1       5   my_variable 
     Counter2                                   5C8       2       2      13   my_variable 
     loc                                        5CA       2       2      15   my_variable 
     timer2                                     5CC       2       2       5   my_variable 
     harv                                      C790      21      33       1   my_constants
     welcome                                   C7B1      21      33       1   my_constants
     mainmenu                                  C7D2      21      33       5   my_constants
     sub2                                      C7F3      21      33       3   my_constants
     sub1                                      C814      21      33       3   my_constants
     err1                                      C835      21      33       2   my_constants
     err2                                      C856      21      33       1   my_constants
     err3                                      C877      21      33       1   my_constants
     fertscreen                                C898      21      33       1   my_constants
     wtrscreen                                 C8B9      21      33       1   my_constants
     tth                                       C8DA      21      33       1   my_constants
     tth2                                      C8FB      21      33       1   my_constants
     ferterr                                   C91C      21      33       1   my_constants
     wtrerr                                    C93D      21      33       1   my_constants
     fertdisp                                  C95E      21      33       1   my_constants
     wtrdisp                                   C97F      21      33       1   my_constants
     pesterr                                   C9A0      21      33       1   my_constants
     ledpat                                    C9C1       5       5       1   my_constants
     PlantLED                                  C9C6      20      32       1   my_constants
     PlowLED                                   C9E6      20      32       1   my_constants
     fertLED                                   CA06       2       2       2   my_constants
     wtrLED                                    CA08       2       2       2   my_constants
     Kseq                                      CA0A       5       5       1   my_constants
     table                                     CA0F      10      16       1   my_constants
     seq                                       CA1F       4       4       3   my_constants
     Arr                                       CA23      11      17       1   my_constants
     VAR00001                                  CA34      10      16       0   my_constants
     VAR00002                                  CA44      10      16       0   my_constants
     VAR00003                                  CA54       F      15       0   my_constants
     Alarm                                     CA63       C      12       2   my_constants
     VAR00004                                  CA6F       C      12       0   my_constants
     VAR00005                                  CA7B       C      12       0   my_constants
     VAR00006                                  CA87       D      13       0   my_constants
     VAR00007                                  CA94      18      24       0   my_constants
     Plowsound                                 CA94       0       0       1   my_constants
     VAR00008                                  CAAC      18      24       0   my_constants
     VAR00009                                  CAC4      19      25       0   my_constants
     Seedsound                                 CADD      18      24       1   my_constants
     VAR00010                                  CAF5      18      24       0   my_constants
     VAR00011                                  CB0D      19      25       0   my_constants
     Harvestsound                              CB26      1C      28       1   my_constants
     VAR00012                                  CB42      29      41       0   my_constants
     Fertilizesound                            CB6B       E      14       1   my_constants
     VAR00013                                  CB79       E      14       0   my_constants
     VAR00014                                  CB87       E      14       0   my_constants
     VAR00015                                  CB95       F      15       0   my_constants
     Sprinklersound                            CBA4      10      16       1   my_constants
     VAR00016                                  CBB4      10      16       0   my_constants
     VAR00017                                  CBC4      10      16       0   my_constants
     VAR00018                                  CBD4      11      17       0   my_constants
- LABELS:
     __SEG_END_SSTACK                           500       0       0       1               
     CRGFLG                                      37       0       0       0   .text       
     port_t                                     240       0       0      10   .text       
     port_s                                     248       0       0      14   .text       
     port_p                                     258       0       0       3   .text       
MODULE:                 -- lcddisp.c.o --
- PROCEDURES:
     delay_ms                                  C663      17      23       5   .text       
     init_LCD                                  C67A      52      82       1   .text       
     display_string                            C6CC      38      56       7   .text       
     Delay                                     C704      1F      31       1   .text       
     epulse                                    C723      24      36       3   .text       
     sendCommand                               C747       F      15       7   .text       
- VARIABLES:
     data                                       500       2       2       4   .bss        
MODULE:                 -- mc9s12e128.c.o --
- PROCEDURES:
- VARIABLES:
     _PORTE                                       8       1       1       0   .abs_section_8
     _DDRE                                        9       1       1       0   .abs_section_9
     _PEAR                                        A       1       1       0   .abs_section_a
     _MODE                                        B       1       1       0   .abs_section_b
     _PUCR                                        C       1       1       0   .abs_section_c
     _RDRIV                                       D       1       1       0   .abs_section_d
     _EBICTL                                      E       1       1       0   .abs_section_e
     _INITRM                                     10       1       1       0   .abs_section_10
     _INITRG                                     11       1       1       0   .abs_section_11
     _MISC                                       13       1       1       0   .abs_section_13
     _ITCR                                       15       1       1       0   .abs_section_15
     _ITEST                                      16       1       1       0   .abs_section_16
     _VREGCTRL                                   19       1       1       0   .abs_section_19
     _MEMSIZ0                                    1C       1       1       0   .abs_section_1c
     _MEMSIZ1                                    1D       1       1       0   .abs_section_1d
     _INTCR                                      1E       1       1       0   .abs_section_1e
     _HPRIO                                      1F       1       1       0   .abs_section_1f
     _DBGC1                                      20       1       1       0   .abs_section_20
     _DBGSC                                      21       1       1       0   .abs_section_21
     _DBGCNT                                     24       1       1       0   .abs_section_24
     _DBGCCX                                     25       1       1       0   .abs_section_25
     _DBGC2                                      28       1       1       0   .abs_section_28
     _DBGC3                                      29       1       1       0   .abs_section_29
     _DBGCAX                                     2A       1       1       0   .abs_section_2a
     _DBGCBX                                     2D       1       1       0   .abs_section_2d
     _PPAGE                                      30       1       1       0   .abs_section_30
     _PORTK                                      32       1       1       0   .abs_section_32
     _DDRK                                       33       1       1       0   .abs_section_33
     _SYNR                                       34       1       1       0   .abs_section_34
     _REFDV                                      35       1       1       0   .abs_section_35
     _CRGFLG                                     37       1       1       0   .abs_section_37
     _CRGINT                                     38       1       1       0   .abs_section_38
     _CLKSEL                                     39       1       1       0   .abs_section_39
     _PLLCTL                                     3A       1       1       0   .abs_section_3a
     _RTICTL                                     3B       1       1       0   .abs_section_3b
     _COPCTL                                     3C       1       1       0   .abs_section_3c
     _ARMCOP                                     3F       1       1       0   .abs_section_3f
     _TIM0_TIOS                                  40       1       1       0   .abs_section_40
     _TIM0_CFORC                                 41       1       1       0   .abs_section_41
     _TIM0_OC7M                                  42       1       1       0   .abs_section_42
     _TIM0_OC7D                                  43       1       1       0   .abs_section_43
     _TIM0_TSCR1                                 46       1       1       0   .abs_section_46
     _TIM0_TTOV                                  47       1       1       0   .abs_section_47
     _TIM0_TCTL1                                 48       1       1       0   .abs_section_48
     _TIM0_TCTL3                                 4A       1       1       0   .abs_section_4a
     _TIM0_TIE                                   4C       1       1       0   .abs_section_4c
     _TIM0_TSCR2                                 4D       1       1       0   .abs_section_4d
     _TIM0_TFLG1                                 4E       1       1       0   .abs_section_4e
     _TIM0_TFLG2                                 4F       1       1       0   .abs_section_4f
     _TIM0_PACTL                                 60       1       1       0   .abs_section_60
     _TIM0_PAFLG                                 61       1       1       0   .abs_section_61
     _ATDSTAT0                                   86       1       1       1   .abs_section_86
     _ATDTEST1                                   89       1       1       0   .abs_section_89
     _ATDSTAT2                                   8A       1       1       0   .abs_section_8a
     _ATDSTAT1                                   8B       1       1       0   .abs_section_8b
     _PORTAD0                                    8E       1       1       0   .abs_section_8e
     _PORTAD1                                    8F       1       1       0   .abs_section_8f
     _SCI0CR1                                    CA       1       1       0   .abs_section_ca
     _SCI0CR2                                    CB       1       1       0   .abs_section_cb
     _SCI0SR1                                    CC       1       1       0   .abs_section_cc
     _SCI0SR2                                    CD       1       1       0   .abs_section_cd
     _SCI0DRH                                    CE       1       1       0   .abs_section_ce
     _SCI0DRL                                    CF       1       1       0   .abs_section_cf
     _SCI1CR1                                    D2       1       1       0   .abs_section_d2
     _SCI1CR2                                    D3       1       1       0   .abs_section_d3
     _SCI1SR1                                    D4       1       1       0   .abs_section_d4
     _SCI1SR2                                    D5       1       1       0   .abs_section_d5
     _SCI1DRH                                    D6       1       1       0   .abs_section_d6
     _SCI1DRL                                    D7       1       1       0   .abs_section_d7
     _SPICR1                                     D8       1       1       0   .abs_section_d8
     _SPICR2                                     D9       1       1       0   .abs_section_d9
     _SPIBR                                      DA       1       1       0   .abs_section_da
     _SPISR                                      DB       1       1       0   .abs_section_db
     _SPIDR                                      DD       1       1       0   .abs_section_dd
     _IBAD                                       E0       1       1       0   .abs_section_e0
     _IBFD                                       E1       1       1       0   .abs_section_e1
     _IBCR                                       E2       1       1       0   .abs_section_e2
     _IBSR                                       E3       1       1       0   .abs_section_e3
     _IBDR                                       E4       1       1       0   .abs_section_e4
     _SCI2CR1                                    EA       1       1       0   .abs_section_ea
     _SCI2CR2                                    EB       1       1       0   .abs_section_eb
     _SCI2SR1                                    EC       1       1       0   .abs_section_ec
     _SCI2SR2                                    ED       1       1       0   .abs_section_ed
     _SCI2DRH                                    EE       1       1       0   .abs_section_ee
     _SCI2DRL                                    EF       1       1       0   .abs_section_ef
     _DAC0_DACC0                                 F0       1       1       0   .abs_section_f0
     _DAC0_DACDLeft                              F2       1       1       0   .abs_section_f2
     _DAC0_DACDRight                             F3       1       1       0   .abs_section_f3
     _DAC1_DACC0                                 F4       1       1       0   .abs_section_f4
     _DAC1_DACDLeft                              F6       1       1       0   .abs_section_f6
     _DAC1_DACDRight                             F7       1       1       0   .abs_section_f7
     _FCLKDIV                                   100       1       1       0   .abs_section_100
     _FSEC                                      101       1       1       0   .abs_section_101
     _FCNFG                                     103       1       1       0   .abs_section_103
     _FPROT                                     104       1       1       0   .abs_section_104
     _FSTAT                                     105       1       1       0   .abs_section_105
     _FCMD                                      106       1       1       0   .abs_section_106
     _TIM1_TIOS                                 140       1       1       0   .abs_section_140
     _TIM1_CFORC                                141       1       1       0   .abs_section_141
     _TIM1_OC7M                                 142       1       1       0   .abs_section_142
     _TIM1_OC7D                                 143       1       1       0   .abs_section_143
     _TIM1_TSCR1                                146       1       1       0   .abs_section_146
     _TIM1_TTOV                                 147       1       1       0   .abs_section_147
     _TIM1_TCTL1                                148       1       1       0   .abs_section_148
     _TIM1_TCTL3                                14A       1       1       0   .abs_section_14a
     _TIM1_TIE                                  14C       1       1       0   .abs_section_14c
     _TIM1_TSCR2                                14D       1       1       0   .abs_section_14d
     _TIM1_TFLG1                                14E       1       1       0   .abs_section_14e
     _TIM1_TFLG2                                14F       1       1       0   .abs_section_14f
     _TIM1_PACTL                                160       1       1       0   .abs_section_160
     _TIM1_PAFLG                                161       1       1       0   .abs_section_161
     _TIM2_TIOS                                 180       1       1       0   .abs_section_180
     _TIM2_CFORC                                181       1       1       0   .abs_section_181
     _TIM2_OC7M                                 182       1       1       0   .abs_section_182
     _TIM2_OC7D                                 183       1       1       0   .abs_section_183
     _TIM2_TSCR1                                186       1       1       0   .abs_section_186
     _TIM2_TTOV                                 187       1       1       0   .abs_section_187
     _TIM2_TCTL1                                188       1       1       0   .abs_section_188
     _TIM2_TCTL3                                18A       1       1       0   .abs_section_18a
     _TIM2_TIE                                  18C       1       1       0   .abs_section_18c
     _TIM2_TSCR2                                18D       1       1       0   .abs_section_18d
     _TIM2_TFLG1                                18E       1       1       0   .abs_section_18e
     _TIM2_TFLG2                                18F       1       1       0   .abs_section_18f
     _TIM2_PACTL                                1A0       1       1       0   .abs_section_1a0
     _TIM2_PAFLG                                1A1       1       1       0   .abs_section_1a1
     _PWME                                      1E0       1       1       0   .abs_section_1e0
     _PWMPOL                                    1E1       1       1       0   .abs_section_1e1
     _PWMCLK                                    1E2       1       1       0   .abs_section_1e2
     _PWMPRCLK                                  1E3       1       1       0   .abs_section_1e3
     _PWMCAE                                    1E4       1       1       0   .abs_section_1e4
     _PWMCTL                                    1E5       1       1       0   .abs_section_1e5
     _PWMSCLA                                   1E8       1       1       0   .abs_section_1e8
     _PWMSCLB                                   1E9       1       1       0   .abs_section_1e9
     _PWMSDN                                    1FE       1       1       0   .abs_section_1fe
     _PMFCFG0                                   200       1       1       0   .abs_section_200
     _PMFCFG1                                   201       1       1       0   .abs_section_201
     _PMFCFG2                                   202       1       1       0   .abs_section_202
     _PMFCFG3                                   203       1       1       0   .abs_section_203
     _PMFFCTL                                   204       1       1       0   .abs_section_204
     _PMFFPIN                                   205       1       1       0   .abs_section_205
     _PMFFSTA                                   206       1       1       0   .abs_section_206
     _PMFQSMP                                   207       1       1       0   .abs_section_207
     _PMFDMPA                                   208       1       1       0   .abs_section_208
     _PMFDMPB                                   209       1       1       0   .abs_section_209
     _PMFDMPC                                   20A       1       1       0   .abs_section_20a
     _PMFOUTC                                   20C       1       1       0   .abs_section_20c
     _PMFOUTB                                   20D       1       1       0   .abs_section_20d
     _PMFDTMS                                   20E       1       1       0   .abs_section_20e
     _PMFCCTL                                   20F       1       1       0   .abs_section_20f
     _PMFENCA                                   220       1       1       0   .abs_section_220
     _PMFFQCA                                   221       1       1       0   .abs_section_221
     _PMFENCB                                   228       1       1       0   .abs_section_228
     _PMFFQCB                                   229       1       1       0   .abs_section_229
     _PMFENCC                                   230       1       1       0   .abs_section_230
     _PMFFQCC                                   231       1       1       0   .abs_section_231
     _PTT                                       240       1       1       2   .abs_section_240
     _PTIT                                      241       1       1       0   .abs_section_241
     _DDRT                                      242       1       1       0   .abs_section_242
     _RDRT                                      243       1       1       0   .abs_section_243
     _PERT                                      244       1       1       0   .abs_section_244
     _PPST                                      245       1       1       0   .abs_section_245
     _PTS                                       248       1       1       0   .abs_section_248
     _PTIS                                      249       1       1       0   .abs_section_249
     _DDRS                                      24A       1       1       0   .abs_section_24a
     _RDRS                                      24B       1       1       0   .abs_section_24b
     _PERS                                      24C       1       1       0   .abs_section_24c
     _PPSS                                      24D       1       1       0   .abs_section_24d
     _WOMS                                      24E       1       1       0   .abs_section_24e
     _PTM                                       250       1       1       5   .abs_section_250
     _PTIM                                      251       1       1       0   .abs_section_251
     _DDRM                                      252       1       1       1   .abs_section_252
     _RDRM                                      253       1       1       0   .abs_section_253
     _PERM                                      254       1       1       0   .abs_section_254
     _PPSM                                      255       1       1       0   .abs_section_255
     _WOMM                                      256       1       1       0   .abs_section_256
     _PTP                                       258       1       1       0   .abs_section_258
     _PTIP                                      259       1       1       0   .abs_section_259
     _DDRP                                      25A       1       1       0   .abs_section_25a
     _RDRP                                      25B       1       1       0   .abs_section_25b
     _PERP                                      25C       1       1       0   .abs_section_25c
     _PPSP                                      25D       1       1       0   .abs_section_25d
     _PTQ                                       260       1       1       0   .abs_section_260
     _PTIQ                                      261       1       1       0   .abs_section_261
     _DDRQ                                      262       1       1       0   .abs_section_262
     _RDRQ                                      263       1       1       0   .abs_section_263
     _PERQ                                      264       1       1       0   .abs_section_264
     _PPSQ                                      265       1       1       0   .abs_section_265
     _PTU                                       268       1       1       0   .abs_section_268
     _PTIU                                      269       1       1       0   .abs_section_269
     _DDRU                                      26A       1       1       0   .abs_section_26a
     _RDRU                                      26B       1       1       0   .abs_section_26b
     _PERU                                      26C       1       1       0   .abs_section_26c
     _PPSU                                      26D       1       1       0   .abs_section_26d
     _MODRR                                     26E       1       1       0   .abs_section_26e
     _PORTAB                                      0       2       2       0   .abs_section_0
     _DDRAB                                       2       2       2       0   .abs_section_2
     _PARTID                                     1A       2       2       0   .abs_section_1a
     _DBGTB                                      22       2       2       0   .abs_section_22
     _DBGCC                                      26       2       2       0   .abs_section_26
     _DBGCA                                      2B       2       2       0   .abs_section_2b
     _DBGCB                                      2E       2       2       0   .abs_section_2e
     _TIM0_TCNT                                  44       2       2       0   .abs_section_44
     _TIM0_TC4                                   58       2       2       0   .abs_section_58
     _TIM0_TC5                                   5A       2       2       0   .abs_section_5a
     _TIM0_TC6                                   5C       2       2       0   .abs_section_5c
     _TIM0_TC7                                   5E       2       2       0   .abs_section_5e
     _TIM0_PACNT                                 62       2       2       0   .abs_section_62
     _ATDCTL23                                   82       2       2       1   .abs_section_82
     _ATDCTL45                                   84       2       2       1   .abs_section_84
     _ATDDIEN                                    8C       2       2       0   .abs_section_8c
     _ATDDR0                                     90       2       2       1   .abs_section_90
     _ATDDR1                                     92       2       2       0   .abs_section_92
     _ATDDR2                                     94       2       2       0   .abs_section_94
     _ATDDR3                                     96       2       2       0   .abs_section_96
     _ATDDR4                                     98       2       2       0   .abs_section_98
     _ATDDR5                                     9A       2       2       0   .abs_section_9a
     _ATDDR6                                     9C       2       2       0   .abs_section_9c
     _ATDDR7                                     9E       2       2       0   .abs_section_9e
     _ATDDR8                                     A0       2       2       0   .abs_section_a0
     _ATDDR9                                     A2       2       2       0   .abs_section_a2
     _ATDDR10                                    A4       2       2       0   .abs_section_a4
     _ATDDR11                                    A6       2       2       0   .abs_section_a6
     _ATDDR12                                    A8       2       2       0   .abs_section_a8
     _ATDDR13                                    AA       2       2       0   .abs_section_aa
     _ATDDR14                                    AC       2       2       0   .abs_section_ac
     _ATDDR15                                    AE       2       2       0   .abs_section_ae
     _SCI0BD                                     C8       2       2       0   .abs_section_c8
     _SCI1BD                                     D0       2       2       0   .abs_section_d0
     _SCI2BD                                     E8       2       2       0   .abs_section_e8
     _TIM1_TCNT                                 144       2       2       0   .abs_section_144
     _TIM1_TC4                                  158       2       2       0   .abs_section_158
     _TIM1_TC5                                  15A       2       2       0   .abs_section_15a
     _TIM1_TC6                                  15C       2       2       0   .abs_section_15c
     _TIM1_TC7                                  15E       2       2       0   .abs_section_15e
     _TIM1_PACNT                                162       2       2       0   .abs_section_162
     _TIM2_TCNT                                 184       2       2       0   .abs_section_184
     _TIM2_TC4                                  198       2       2       0   .abs_section_198
     _TIM2_TC5                                  19A       2       2       0   .abs_section_19a
     _TIM2_TC6                                  19C       2       2       0   .abs_section_19c
     _TIM2_TC7                                  19E       2       2       0   .abs_section_19e
     _TIM2_PACNT                                1A2       2       2       0   .abs_section_1a2
     _PWMCNT01                                  1EC       2       2       0   .abs_section_1ec
     _PWMCNT23                                  1EE       2       2       0   .abs_section_1ee
     _PWMCNT45                                  1F0       2       2       0   .abs_section_1f0
     _PWMPER01                                  1F2       2       2       0   .abs_section_1f2
     _PWMPER23                                  1F4       2       2       0   .abs_section_1f4
     _PWMPER45                                  1F6       2       2       0   .abs_section_1f6
     _PWMDTY01                                  1F8       2       2       0   .abs_section_1f8
     _PWMDTY23                                  1FA       2       2       0   .abs_section_1fa
     _PWMDTY45                                  1FC       2       2       0   .abs_section_1fc
     _PMFVAL0                                   210       2       2       0   .abs_section_210
     _PMFVAL1                                   212       2       2       0   .abs_section_212
     _PMFVAL2                                   214       2       2       0   .abs_section_214
     _PMFVAL3                                   216       2       2       0   .abs_section_216
     _PMFVAL4                                   218       2       2       0   .abs_section_218
     _PMFVAL5                                   21A       2       2       0   .abs_section_21a
     _PMFCNTA                                   222       2       2       0   .abs_section_222
     _PMFMODA                                   224       2       2       0   .abs_section_224
     _PMFDTMA                                   226       2       2       0   .abs_section_226
     _PMFCNTB                                   22A       2       2       0   .abs_section_22a
     _PMFMODB                                   22C       2       2       0   .abs_section_22c
     _PMFDTMB                                   22E       2       2       0   .abs_section_22e
     _PMFCNTC                                   232       2       2       0   .abs_section_232
     _PMFMODC                                   234       2       2       0   .abs_section_234
     _PMFDTMC                                   236       2       2       0   .abs_section_236
     _PTAD                                      270       2       2       4   .abs_section_270
     _PTIAD                                     272       2       2       0   .abs_section_272
     _DDRAD                                     274       2       2       1   .abs_section_274
     _RDRAD                                     276       2       2       0   .abs_section_276
     _PERAD                                     278       2       2       0   .abs_section_278
     _PPSAD                                     27A       2       2       0   .abs_section_27a
     _PIEAD                                     27C       2       2       0   .abs_section_27c
     _PIFAD                                     27E       2       2       0   .abs_section_27e
MODULE:                 -- potentiometer.c.o --
- PROCEDURES:
     read_pot                                  C756      18      24       1   .text       
- VARIABLES:
     pot_value                                  5CE       2       2       1   .common     
MODULE:                 -- SendsChr.c.o --
- PROCEDURES:
     SendsChr                                  C76E       8       8       1   .text       
     PlayTone                                  C776      1A      26       1   .text       
- VARIABLES:
     tone                                       502       2       2       2   .bss        
     tone_count                                 504       2       2       3   .bss        
MODULE:                 -- fertilize.asm.o --
- PROCEDURES:
     fertilize                                 CBE5      1E      30       1   fertilize.asm._SEC000000
     fert                                      CC03      31      49       0   fertilize.asm._SEC000000
     wtr                                       CC34      31      49       0   fertilize.asm._SEC000000
     error                                     CC65       7       7       0   fertilize.asm._SEC000000
- VARIABLES:
MODULE:                 -- newcrop.asm.o --
- PROCEDURES:
     newcrop                                   CC6C       E      14       1   newcrop.asm._SEC000000
     klp                                       CC7A      15      21       1   newcrop.asm._SEC000000
     plant                                     CC8F      30      48       0   newcrop.asm._SEC000000
     pl2                                       CCBF      24      36       0   newcrop.asm._SEC000000
     endplant1                                 CCE3      10      16       0   newcrop.asm._SEC000000
     space                                     CCF3      38      56       0   newcrop.asm._SEC000000
     plow                                      CD2B      19      25       0   newcrop.asm._SEC000000
     pl1                                       CD44      24      36       0   newcrop.asm._SEC000000
     endplow2                                  CD68      18      24       0   newcrop.asm._SEC000000
     space2                                    CD80      38      56       0   newcrop.asm._SEC000000
     error1                                    CDB8       7       7       0   newcrop.asm._SEC000000
     error2                                    CDBF       9       9       0   newcrop.asm._SEC000000
- VARIABLES:
MODULE:                 -- drawscreen.asm.o --
- PROCEDURES:
     drawscreen                                CDC8       C      12      35   drawscreen.asm._SEC000000
     RTILP                                     CDD4      17      23       0   drawscreen.asm._SEC000000
     PST                                       CDEB       5       5       0   drawscreen.asm._SEC000000
- VARIABLES:
MODULE:                 -- growth.asm.o --
- PROCEDURES:
     growth                                    CDF0      2F      47       1   growth.asm._SEC000000
     endgrow                                   CE1F       1       1       0   growth.asm._SEC000000
     growing                                   CE20      E5     229       0   growth.asm._SEC000000
     matured                                   CF05      E5     229       0   growth.asm._SEC000000
     harvest                                   CFEA      38      56       0   growth.asm._SEC000000
- VARIABLES:
MODULE:                 -- pushb.asm.o --
- PROCEDURES:
     pushb                                     D022      29      41       1   pushb.asm._SEC000000
     mainMenu                                  D04B       8       8       0   pushb.asm._SEC000000
     fertMenu                                  D053       8       8       0   pushb.asm._SEC000000
     lastsscreen                               D05B       8       8       0   pushb.asm._SEC000000
     fin                                       D063       C      12       0   pushb.asm._SEC000000
     wait                                      D06F      14      20       0   pushb.asm._SEC000000
- VARIABLES:
MODULE:                 -- harvesting.asm.o --
- PROCEDURES:
     harvesting                                D083      16      22       1   harvesting.asm._SEC000000
     hv1                                       D099      5A      90       0   harvesting.asm._SEC000000
- VARIABLES:
MODULE:                 -- flowctrl.asm.o --
- PROCEDURES:
     flowctrl                                  D0F3      1B      27       1   flowctrl.asm._SEC000000
     contflw                                   D10E      13      19       0   flowctrl.asm._SEC000000
     wtrctrl                                   D121      11      17       0   flowctrl.asm._SEC000000
     notwatered                                D132       6       6       0   flowctrl.asm._SEC000000
     wtrlp                                     D138      28      40       0   flowctrl.asm._SEC000000
     increase                                  D160      1F      31       0   flowctrl.asm._SEC000000
     inc                                       D17F      2D      45       0   flowctrl.asm._SEC000000
     maxi                                      D1AC      18      24       0   flowctrl.asm._SEC000000
     decrease                                  D1C4      1C      28       0   flowctrl.asm._SEC000000
     dec                                       D1E0      26      38       0   flowctrl.asm._SEC000000
     fertctrl                                  D206      11      17       0   flowctrl.asm._SEC000000
     notfert                                   D217       6       6       0   flowctrl.asm._SEC000000
     fertlp                                    D21D      28      40       0   flowctrl.asm._SEC000000
     increase1                                 D245      1A      26       0   flowctrl.asm._SEC000000
     inc1                                      D25F      1F      31       0   flowctrl.asm._SEC000000
     decrease1                                 D27E      1C      28       0   flowctrl.asm._SEC000000
     dec1                                      D29A      21      33       0   flowctrl.asm._SEC000000
     endflow                                   D2BB      1A      26       0   flowctrl.asm._SEC000000
     mainMen                                   D2D5       C      12       0   flowctrl.asm._SEC000000
     fertMen                                   D2E1       C      12       0   flowctrl.asm._SEC000000
- VARIABLES:
MODULE:                 -- statsmen.asm.o --
- PROCEDURES:
     statsmen                                  D2ED      43      67       1   statsmen.asm._SEC000000
     hextoascii                                D330      1F      31       3   statsmen.asm._SEC000000
- VARIABLES:
MODULE:                 -- pestdetect.asm.o --
- PROCEDURES:
     pestdetect                                D34F      41      65       2   pestdetect.asm._SEC000000
     read                                      D390      45      69       0   pestdetect.asm._SEC000000
     max                                       D3D5      17      23       0   pestdetect.asm._SEC000000
     AlarmRst                                  D3EC       C      12       0   pestdetect.asm._SEC000000
     endpest                                   D3F8      1E      30       0   pestdetect.asm._SEC000000
- VARIABLES:
MODULE:                 -- speaker.asm.o --
- PROCEDURES:
     speaker                                   D416      26      38       1   speaker.asm._SEC000000
     NextNote                                  D43C       5       5       0   speaker.asm._SEC000000
     Leave                                     D441       1       1       0   speaker.asm._SEC000000
     Reset                                     D442       5       5       0   speaker.asm._SEC000000
     Note                                      D447       8       8       0   speaker.asm._SEC000000
     Rest                                      D44F       9       9       0   speaker.asm._SEC000000
- VARIABLES:

*********************************************************************************************
MODULE STATISTIC
  Name                                      Data   Code  Const
---------------------------------------------------------------------------------------------
  main.asm.o                                 200   1635   1109
  lcddisp.c.o                                  2    243      0
  mc9s12e128.c.o                             352      0      0
  potentiometer.c.o                            2     24      0
  SendsChr.c.o                                 4     34      0
  fertilize.asm.o                              0    135      0
  newcrop.asm.o                                0    348      0
  drawscreen.asm.o                             0     40      0
  growth.asm.o                                 0    562      0
  pushb.asm.o                                  0     97      0
  harvesting.asm.o                             0    112      0
  flowctrl.asm.o                               0    506      0
  statsmen.asm.o                               0     98      0
  pestdetect.asm.o                             0    199      0
  speaker.asm.o                                0     66      0
  other                                      256      6      0

*********************************************************************************************
SECTION USE IN OBJECT-ALLOCATION SECTION
---------------------------------------------------------------------------------------------
SECTION: ".text"
  CRGFLG port_t port_s port_p delay_ms init_LCD display_string Delay epulse 
  sendCommand read_pot SendsChr PlayTone 
SECTION: ".bss"
  data tone tone_count 
SECTION: ".init"
  _Startup Entry nextpat setup start b1 b2 nxt Keyboard rst scan scanSW hold1 
  hold2 PB SW PST swcheck exitSW Search top match hold11 hold21 loop RTI_ISR 
  Nomusic setupdone DCtst timing postDelay endrti drawscreenDL DCmtr pstDC s1 
  s2 STPmtr harvester rstcnt1 seeder rstcnt2 chisel rstcnt3 endSTP dcLED 
  Pattern wtr1 fert0 fert1 IRQ_ISR 
SECTION: "my_constants"
  harv welcome mainmenu sub2 sub1 err1 err2 err3 fertscreen wtrscreen tth tth2 
  ferterr wtrerr fertdisp wtrdisp pesterr ledpat PlantLED PlowLED fertLED 
  wtrLED Kseq table seq Arr VAR00001 VAR00002 VAR00003 Alarm VAR00004 VAR00005 
  VAR00006 Plowsound VAR00007 VAR00008 VAR00009 Seedsound VAR00010 VAR00011 
  Harvestsound VAR00012 Fertilizesound VAR00013 VAR00014 VAR00015 
  Sprinklersound VAR00016 VAR00017 VAR00018 
SECTION: "my_variable"
  PestDC disp menuNum gamestate timer seconds Counter tON rtiCtrl drawDL 
  fertDC wtrDC STPcnt SWstatus wtrctrldisp fertctrldisp pestdisp exitflg 
  cropstats temp keyflg gametime lastscreen scoredisp harvests pests fertwtr 
  pestctrl pstdtct Counter2 loc timer2 
SECTION: ".common"
  pot_value 
SECTION: ".abs_section_8"
  _PORTE 
SECTION: ".abs_section_9"
  _DDRE 
SECTION: ".abs_section_a"
  _PEAR 
SECTION: ".abs_section_b"
  _MODE 
SECTION: ".abs_section_c"
  _PUCR 
SECTION: ".abs_section_d"
  _RDRIV 
SECTION: ".abs_section_e"
  _EBICTL 
SECTION: ".abs_section_10"
  _INITRM 
SECTION: ".abs_section_11"
  _INITRG 
SECTION: ".abs_section_13"
  _MISC 
SECTION: ".abs_section_15"
  _ITCR 
SECTION: ".abs_section_16"
  _ITEST 
SECTION: ".abs_section_19"
  _VREGCTRL 
SECTION: ".abs_section_1c"
  _MEMSIZ0 
SECTION: ".abs_section_1d"
  _MEMSIZ1 
SECTION: ".abs_section_1e"
  _INTCR 
SECTION: ".abs_section_1f"
  _HPRIO 
SECTION: ".abs_section_20"
  _DBGC1 
SECTION: ".abs_section_21"
  _DBGSC 
SECTION: ".abs_section_24"
  _DBGCNT 
SECTION: ".abs_section_25"
  _DBGCCX 
SECTION: ".abs_section_28"
  _DBGC2 
SECTION: ".abs_section_29"
  _DBGC3 
SECTION: ".abs_section_2a"
  _DBGCAX 
SECTION: ".abs_section_2d"
  _DBGCBX 
SECTION: ".abs_section_30"
  _PPAGE 
SECTION: ".abs_section_32"
  _PORTK 
SECTION: ".abs_section_33"
  _DDRK 
SECTION: ".abs_section_34"
  _SYNR 
SECTION: ".abs_section_35"
  _REFDV 
SECTION: ".abs_section_37"
  _CRGFLG 
SECTION: ".abs_section_38"
  _CRGINT 
SECTION: ".abs_section_39"
  _CLKSEL 
SECTION: ".abs_section_3a"
  _PLLCTL 
SECTION: ".abs_section_3b"
  _RTICTL 
SECTION: ".abs_section_3c"
  _COPCTL 
SECTION: ".abs_section_3f"
  _ARMCOP 
SECTION: ".abs_section_40"
  _TIM0_TIOS 
SECTION: ".abs_section_41"
  _TIM0_CFORC 
SECTION: ".abs_section_42"
  _TIM0_OC7M 
SECTION: ".abs_section_43"
  _TIM0_OC7D 
SECTION: ".abs_section_46"
  _TIM0_TSCR1 
SECTION: ".abs_section_47"
  _TIM0_TTOV 
SECTION: ".abs_section_48"
  _TIM0_TCTL1 
SECTION: ".abs_section_4a"
  _TIM0_TCTL3 
SECTION: ".abs_section_4c"
  _TIM0_TIE 
SECTION: ".abs_section_4d"
  _TIM0_TSCR2 
SECTION: ".abs_section_4e"
  _TIM0_TFLG1 
SECTION: ".abs_section_4f"
  _TIM0_TFLG2 
SECTION: ".abs_section_60"
  _TIM0_PACTL 
SECTION: ".abs_section_61"
  _TIM0_PAFLG 
SECTION: ".abs_section_86"
  _ATDSTAT0 
SECTION: ".abs_section_89"
  _ATDTEST1 
SECTION: ".abs_section_8a"
  _ATDSTAT2 
SECTION: ".abs_section_8b"
  _ATDSTAT1 
SECTION: ".abs_section_8e"
  _PORTAD0 
SECTION: ".abs_section_8f"
  _PORTAD1 
SECTION: ".abs_section_ca"
  _SCI0CR1 
SECTION: ".abs_section_cb"
  _SCI0CR2 
SECTION: ".abs_section_cc"
  _SCI0SR1 
SECTION: ".abs_section_cd"
  _SCI0SR2 
SECTION: ".abs_section_ce"
  _SCI0DRH 
SECTION: ".abs_section_cf"
  _SCI0DRL 
SECTION: ".abs_section_d2"
  _SCI1CR1 
SECTION: ".abs_section_d3"
  _SCI1CR2 
SECTION: ".abs_section_d4"
  _SCI1SR1 
SECTION: ".abs_section_d5"
  _SCI1SR2 
SECTION: ".abs_section_d6"
  _SCI1DRH 
SECTION: ".abs_section_d7"
  _SCI1DRL 
SECTION: ".abs_section_d8"
  _SPICR1 
SECTION: ".abs_section_d9"
  _SPICR2 
SECTION: ".abs_section_da"
  _SPIBR 
SECTION: ".abs_section_db"
  _SPISR 
SECTION: ".abs_section_dd"
  _SPIDR 
SECTION: ".abs_section_e0"
  _IBAD 
SECTION: ".abs_section_e1"
  _IBFD 
SECTION: ".abs_section_e2"
  _IBCR 
SECTION: ".abs_section_e3"
  _IBSR 
SECTION: ".abs_section_e4"
  _IBDR 
SECTION: ".abs_section_ea"
[...]
     PlayTone                                  C776      1A      26       1   .text       
     harv                                      C790      21      33       1   my_constants
     welcome                                   C7B1      21      33       1   my_constants
     mainmenu                                  C7D2      21      33       5   my_constants
     sub2                                      C7F3      21      33       3   my_constants
     sub1                                      C814      21      33       3   my_constants
     err1                                      C835      21      33       2   my_constants
     err2                                      C856      21      33       1   my_constants
     err3                                      C877      21      33       1   my_constants
     fertscreen                                C898      21      33       1   my_constants
     wtrscreen                                 C8B9      21      33       1   my_constants
     tth                                       C8DA      21      33       1   my_constants
     tth2                                      C8FB      21      33       1   my_constants
     ferterr                                   C91C      21      33       1   my_constants
     wtrerr                                    C93D      21      33       1   my_constants
     fertdisp                                  C95E      21      33       1   my_constants
     wtrdisp                                   C97F      21      33       1   my_constants
     pesterr                                   C9A0      21      33       1   my_constants
     ledpat                                    C9C1       5       5       1   my_constants
     PlantLED                                  C9C6      20      32       1   my_constants
     PlowLED                                   C9E6      20      32       1   my_constants
     fertLED                                   CA06       2       2       2   my_constants
     wtrLED                                    CA08       2       2       2   my_constants
     Kseq                                      CA0A       5       5       1   my_constants
     table                                     CA0F      10      16       1   my_constants
     seq                                       CA1F       4       4       3   my_constants
     Arr                                       CA23      11      17       1   my_constants
     VAR00001                                  CA34      10      16       0   my_constants
     VAR00002                                  CA44      10      16       0   my_constants
     VAR00003                                  CA54       F      15       0   my_constants
     Alarm                                     CA63       C      12       2   my_constants
     VAR00004                                  CA6F       C      12       0   my_constants
     VAR00005                                  CA7B       C      12       0   my_constants
     VAR00006                                  CA87       D      13       0   my_constants
     Plowsound                                 CA94       0       0       1   my_constants
     VAR00007                                  CA94      18      24       0   my_constants
     VAR00008                                  CAAC      18      24       0   my_constants
     VAR00009                                  CAC4      19      25       0   my_constants
     Seedsound                                 CADD      18      24       1   my_constants
     VAR00010                                  CAF5      18      24       0   my_constants
     VAR00011                                  CB0D      19      25       0   my_constants
     Harvestsound                              CB26      1C      28       1   my_constants
     VAR00012                                  CB42      29      41       0   my_constants
     Fertilizesound                            CB6B       E      14       1   my_constants
     VAR00013                                  CB79       E      14       0   my_constants
     VAR00014                                  CB87       E      14       0   my_constants
     VAR00015                                  CB95       F      15       0   my_constants
     Sprinklersound                            CBA4      10      16       1   my_constants
     VAR00016                                  CBB4      10      16       0   my_constants
     VAR00017                                  CBC4      10      16       0   my_constants
     VAR00018                                  CBD4      11      17       0   my_constants
     fertilize                                 CBE5      1E      30       1   fertilize.asm._SEC000000
     fert                                      CC03      31      49       0   fertilize.asm._SEC000000
     wtr                                       CC34      31      49       0   fertilize.asm._SEC000000
     error                                     CC65       7       7       0   fertilize.asm._SEC000000
     newcrop                                   CC6C       E      14       1   newcrop.asm._SEC000000
     klp                                       CC7A      15      21       1   newcrop.asm._SEC000000
     plant                                     CC8F      30      48       0   newcrop.asm._SEC000000
     pl2                                       CCBF      24      36       0   newcrop.asm._SEC000000
     endplant1                                 CCE3      10      16       0   newcrop.asm._SEC000000
     space                                     CCF3      38      56       0   newcrop.asm._SEC000000
     plow                                      CD2B      19      25       0   newcrop.asm._SEC000000
     pl1                                       CD44      24      36       0   newcrop.asm._SEC000000
     endplow2                                  CD68      18      24       0   newcrop.asm._SEC000000
     space2                                    CD80      38      56       0   newcrop.asm._SEC000000
     error1                                    CDB8       7       7       0   newcrop.asm._SEC000000
     error2                                    CDBF       9       9       0   newcrop.asm._SEC000000
     drawscreen                                CDC8       C      12      35   drawscreen.asm._SEC000000
     RTILP                                     CDD4      17      23       0   drawscreen.asm._SEC000000
     PST                                       CDEB       5       5       0   drawscreen.asm._SEC000000
     growth                                    CDF0      2F      47       1   growth.asm._SEC000000
     endgrow                                   CE1F       1       1       0   growth.asm._SEC000000
     growing                                   CE20      E5     229       0   growth.asm._SEC000000
     matured                                   CF05      E5     229       0   growth.asm._SEC000000
     harvest                                   CFEA      38      56       0   growth.asm._SEC000000
     pushb                                     D022      29      41       1   pushb.asm._SEC000000
     mainMenu                                  D04B       8       8       0   pushb.asm._SEC000000
     fertMenu                                  D053       8       8       0   pushb.asm._SEC000000
     lastsscreen                               D05B       8       8       0   pushb.asm._SEC000000
     fin                                       D063       C      12       0   pushb.asm._SEC000000
     wait                                      D06F      14      20       0   pushb.asm._SEC000000
     harvesting                                D083      16      22       1   harvesting.asm._SEC000000
     hv1                                       D099      5A      90       0   harvesting.asm._SEC000000
     flowctrl                                  D0F3      1B      27       1   flowctrl.asm._SEC000000
     contflw                                   D10E      13      19       0   flowctrl.asm._SEC000000
     wtrctrl                                   D121      11      17       0   flowctrl.asm._SEC000000
     notwatered                                D132       6       6       0   flowctrl.asm._SEC000000
     wtrlp                                     D138      28      40       0   flowctrl.asm._SEC000000
     increase                                  D160      1F      31       0   flowctrl.asm._SEC000000
     inc                                       D17F      2D      45       0   flowctrl.asm._SEC000000
     maxi                                      D1AC      18      24       0   flowctrl.asm._SEC000000
     decrease                                  D1C4      1C      28       0   flowctrl.asm._SEC000000
     dec                                       D1E0      26      38       0   flowctrl.asm._SEC000000
     fertctrl                                  D206      11      17       0   flowctrl.asm._SEC000000
     notfert                                   D217       6       6       0   flowctrl.asm._SEC000000
     fertlp                                    D21D      28      40       0   flowctrl.asm._SEC000000
     increase1                                 D245      1A      26       0   flowctrl.asm._SEC000000
     inc1                                      D25F      1F      31       0   flowctrl.asm._SEC000000
     decrease1                                 D27E      1C      28       0   flowctrl.asm._SEC000000
     dec1                                      D29A      21      33       0   flowctrl.asm._SEC000000
     endflow                                   D2BB      1A      26       0   flowctrl.asm._SEC000000
     mainMen                                   D2D5       C      12       0   flowctrl.asm._SEC000000
     fertMen                                   D2E1       C      12       0   flowctrl.asm._SEC000000
     statsmen                                  D2ED      43      67       1   statsmen.asm._SEC000000
     hextoascii                                D330      1F      31       3   statsmen.asm._SEC000000
     pestdetect                                D34F      41      65       2   pestdetect.asm._SEC000000
     read                                      D390      45      69       0   pestdetect.asm._SEC000000
     max                                       D3D5      17      23       0   pestdetect.asm._SEC000000
     AlarmRst                                  D3EC       C      12       0   pestdetect.asm._SEC000000
     endpest                                   D3F8      1E      30       0   pestdetect.asm._SEC000000
     speaker                                   D416      26      38       1   speaker.asm._SEC000000
     NextNote                                  D43C       5       5       0   speaker.asm._SEC000000
     Leave                                     D441       1       1       0   speaker.asm._SEC000000
     Reset                                     D442       5       5       0   speaker.asm._SEC000000
     Note                                      D447       8       8       0   speaker.asm._SEC000000
     Rest                                      D44F       9       9       0   speaker.asm._SEC000000

*********************************************************************************************
UNUSED-OBJECTS SECTION
---------------------------------------------------------------------------------------------

*********************************************************************************************
COPYDOWN SECTION
---------------------------------------------------------------------------------------------

*********************************************************************************************
OBJECT-DEPENDENCIES SECTION
---------------------------------------------------------------------------------------------
Entry                     USES Counter2 pstdtct pestctrl scoredisp pestdisp 
                                keyflg fertctrldisp wtrctrldisp cropstats STPcnt 
                                fertDC wtrDC drawDL rtiCtrl disp timer seconds tON 
                                SWstatus pests harvests fertwtr loc timer2 Counter 
                                gamestate exitflg __SEG_END_SSTACK init_LCD welcome 
                                lastscreen display_string Arr ledpat 
setup                     USES gametime mainmenu drawscreen 
start                     USES menuNum Keyboard fertilize 
b1                        USES newcrop 
b2                        USES statsmen 
nxt                       USES mainmenu drawscreen 
Keyboard                  USES Kseq pstdtct 
scan                      USES exitflg 
hold1                     USES keyflg 
hold2                     USES keyflg Search 
PB                        USES pushb 
SW                        USES SWstatus flowctrl 
PST                       USES pestdetect 
Search                    USES table 
hold11                    USES keyflg 
hold21                    USES keyflg 
RTI_ISR                   USES rtiCtrl timer2 speaker 
Nomusic                   USES gamestate gametime 
setupdone                 USES keyflg rtiCtrl STPmtr 
DCtst                     USES rtiCtrl DCmtr 
timing                    USES rtiCtrl 
postDelay                 USES gamestate timer seconds growth 
drawscreenDL              USES drawDL 
DCmtr                     USES rtiCtrl dcLED 
pstDC                     USES Counter tON 
STPmtr                    USES rtiCtrl 
harvester                 USES Counter2 STPcnt seq 
rstcnt1                   USES STPcnt 
seeder                    USES Counter2 STPcnt seq 
rstcnt2                   USES STPcnt 
chisel                    USES Counter2 STPcnt seq 
rstcnt3                   USES STPcnt 
dcLED                     USES timer 
Pattern                   USES rtiCtrl wtrLED 
wtr1                      USES wtrLED 
fert0                     USES fertLED 
fert1                     USES fertLED 
IRQ_ISR                   USES pstdtct 
init_LCD                  USES _DDRAD _PTAD _DDRM delay_ms _PTM data 
                                sendCommand epulse 
display_string            USES sendCommand data _PTAD epulse 
epulse                    USES data _PTM delay_ms 
sendCommand               USES data _PTAD epulse 
read_pot                  USES _ATDCTL23 Delay _ATDCTL45 _ATDSTAT0 _ATDDR0 
                                pot_value 
SendsChr                  USES tone 
PlayTone                  USES tone_count tone _PTT 
fertilize                 USES menuNum gamestate sub1 display_string Keyboard 
fert                      USES fertDC tON Fertilizesound loc rtiCtrl drawDL 
                                fertscreen drawscreen port_t cropstats port_s fertwtr 
wtr                       USES wtrDC tON Sprinklersound loc rtiCtrl drawDL 
                                wtrscreen drawscreen port_t cropstats port_s fertwtr 
error                     USES err1 drawscreen 
newcrop                   USES menuNum gamestate 
klp                       USES sub2 display_string Keyboard 
plant                     USES gamestate drawDL Seedsound loc PlantLED disp 
                                STPcnt rtiCtrl cropstats 
pl2                       USES port_s disp drawscreen drawDL 
endplant1                 USES rtiCtrl port_s Counter2 
space                     USES port_s disp drawDL drawscreen 
plow                      USES drawDL Plowsound loc disp PlowLED rtiCtrl 
pl1                       USES port_s disp drawscreen drawDL 
endplow2                  USES rtiCtrl port_s gamestate Counter2 
space2                    USES port_s disp drawDL drawscreen 
error1                    USES err2 drawscreen 
error2                    USES err3 drawscreen klp 
drawscreen                USES lastscreen display_string rtiCtrl 
RTILP                     USES pstdtct drawDL rtiCtrl 
PST                       USES pestdetect 
growth                    USES cropstats seconds 
growing                   USES seconds cropstats disp gamestate fertctrldisp 
                                wtrctrldisp wtrDC fertDC 
matured                   USES seconds cropstats disp gamestate wtrDC fertDC 
                                fertctrldisp wtrctrldisp 
harvest                   USES wtrDC fertDC fertctrldisp wtrctrldisp cropstats 
                                gamestate 
pushb                     USES gamestate disp drawscreen port_t menuNum sub2 
mainMenu                  USES mainmenu drawscreen 
fertMenu                  USES sub1 drawscreen 
lastsscreen               USES lastscreen drawscreen 
fin                       USES tth drawscreen tth2 
wait                      USES port_p harvesting mainmenu drawscreen start 
harvesting                USES Harvestsound loc harv drawscreen disp rtiCtrl 
hv1                       USES disp drawDL drawscreen rtiCtrl gamestate timer 
                                seconds Counter2 fertctrldisp wtrctrldisp harvests 
flowctrl                  USES SWstatus exitflg gamestate err1 drawscreen 
contflw                   USES port_t 
wtrctrl                   USES cropstats wtrerr drawscreen 
notwatered                USES wtrdisp drawscreen 
wtrlp                     USES wtrctrldisp drawDL lastscreen drawscreen port_t 
                                Keyboard 
increase                  USES wtrDC wtrctrldisp 
inc                       USES wtrDC wtrctrldisp 
maxi                      USES wtrctrldisp 
decrease                  USES wtrDC wtrctrldisp 
dec                       USES wtrDC wtrctrldisp 
fertctrl                  USES cropstats ferterr drawscreen 
notfert                   USES fertdisp drawscreen 
fertlp                    USES fertctrldisp lastscreen drawDL drawscreen 
                                port_t Keyboard 
increase1                 USES fertDC fertctrldisp 
inc1                      USES fertDC fertctrldisp 
decrease1                 USES fertDC wtrctrldisp 
dec1                      USES fertDC fertctrldisp 
endflow                   USES exitflg menuNum sub2 drawscreen SWstatus 
mainMen                   USES mainmenu drawscreen SWstatus 
fertMen                   USES sub1 drawscreen SWstatus 
statsmen                  USES harvests hextoascii scoredisp pests fertwtr 
                                drawDL drawscreen 
pestdetect                USES loc rtiCtrl Alarm drawDL pstdtct lastscreen 
                                pests port_s pesterr drawscreen tON 
read                      USES loc read_pot pestdisp display_string port_s tON 
                                port_p 
max                       USES pestdisp display_string 
AlarmRst                  USES Alarm loc rtiCtrl 
endpest                   USES port_p port_s display_string drawDL rtiCtrl loc 
                                port_t 
speaker                   USES timer2 loc SendsChr 
NextNote                  USES loc 
Reset                     USES rtiCtrl 
Note                      USES PlayTone 
Rest                      USES loc 

*********************************************************************************************
DEPENDENCY TREE
*********************************************************************************************
 IRQ_ISR             
   
 RTI_ISR             
 | 
 +- speaker             
    | 
    +- SendsChr            
         
*********************************************************************************************
STATISTIC SECTION
---------------------------------------------------------------------------------------------

ExeFile:
--------
Number of blocks to be downloaded: 12
Total size of all blocks to be downloaded: 5214

